// Jest Snapshot v1, https://goo.gl/fbAQLP

exports[`FatherSonComponent debe de hacer match con el snapshot 1`] = `
<div
  id="root1"
>
  <h4>
    Hijo
  </h4>
  <code>
    
  </code>
  <br />
  <br />
  
  
</div>
`;
